2026-05-13T19:15:00+08:00 | trae-glm5 | session_start | sessionId=trae-20260513-1915
2026-05-13T19:15:00+08:00 | trae-glm5 | file_modified | .ai-collab/registry.json
2026-05-13T19:20:00+08:00 | trae-glm5 | file_modified | src/SiliconLife.Fast/App.cs
2026-05-13T19:20:00+08:00 | trae-glm5 | file_modified | src/SiliconLife.Fast/Program.cs
2026-05-13T19:25:00+08:00 | trae-glm5 | file_modified | src/SiliconLife.Fast/Tray/TrayLocalizationBase.cs
2026-05-13T19:30:00+08:00 | trae-glm5 | file_modified | src/SiliconLife.Fast/Tray/TrayZhCN.cs
2026-05-13T19:30:00+08:00 | trae-glm5 | file_modified | src/SiliconLife.Fast/Tray/TrayEnUS.cs
2026-05-13T19:30:00+08:00 | trae-glm5 | file_modified | src/SiliconLife.Fast/Tray/TrayDeDE.cs
2026-05-13T19:30:00+08:00 | trae-glm5 | file_modified | src/SiliconLife.Fast/Tray/TrayFrFR.cs
2026-05-13T19:30:00+08:00 | trae-glm5 | file_modified | src/SiliconLife.Fast/Tray/TrayJaJP.cs
2026-05-13T19:30:00+08:00 | trae-glm5 | file_modified | src/SiliconLife.Fast/Tray/TrayKoKR.cs
2026-05-13T19:30:00+08:00 | trae-glm5 | file_modified | src/SiliconLife.Fast/Tray/TrayCsCZ.cs
2026-05-13T19:30:00+08:00 | trae-glm5 | file_modified | src/SiliconLife.Fast/Tray/TrayEsES.cs
2026-05-13T19:30:00+08:00 | trae-glm5 | file_modified | src/SiliconLife.Fast/Tray/TrayItIT.cs
2026-05-13T19:30:00+08:00 | trae-glm5 | file_modified | src/SiliconLife.Fast/Tray/TrayPlPL.cs
2026-05-13T19:30:00+08:00 | trae-glm5 | file_modified | src/SiliconLife.Fast/Tray/TrayZhHK.cs
2026-05-13T19:35:00+08:00 | trae-glm5 | file_modified | src/SiliconLife.Fast/Tray/TrayStatusWindow.cs
2026-05-13T19:40:00+08:00 | trae-glm5 | file_modified | .gitignore
2026-05-13T20:00:00+08:00 | trae-glm5 | session_end | commit_pending
2026-05-14T00:02:00+08:00 | openclaw-main | session_start | sessionId=openclaw-20260514-0002
2026-05-14T00:02:00+08:00 | openclaw-main | file_modified | src/SiliconLife.Fast/Program.cs
2026-05-14T00:02:00+08:00 | openclaw-main | file_modified | src/SiliconLife.Fast/App.cs
2026-05-14T00:02:00+08:00 | openclaw-main | file_modified | src/SiliconLife.Fast/Tray/TrayStatusWindow.cs
2026-05-14T00:03:00+08:00 | openclaw-main | session_end | commit=d335aaf
2026-05-14T01:00:00+08:00 | trae-glm5 | session_start | sessionId=trae-20260514-0100
2026-05-14T01:00:00+08:00 | trae-glm5 | task_start | task=task-001
2026-05-14T01:03:00+08:00 | trae-glm5 | file_modified | src/SiliconLife.Core/Runtime/MainLoop.cs
2026-05-14T01:05:00+08:00 | trae-glm5 | task_complete | task=task-001 | fix=added _restartLock for Watchdog race condition
2026-05-14T01:10:00+08:00 | trae-glm5 | session_start | sessionId=trae-20260514-0110
2026-05-14T01:10:00+08:00 | trae-glm5 | task_start | task=task-002
2026-05-14T01:12:00+08:00 | trae-glm5 | file_modified | src/SiliconLife.Core/Runtime/MainLoop.cs
2026-05-14T01:13:00+08:00 | trae-glm5 | file_modified | src/SiliconLife.Core/SiliconBeing/SiliconBeingManager.cs
2026-05-14T01:15:00+08:00 | trae-glm5 | task_complete | task=task-002 | refactored=Thread.Abort replaced with CancellationToken in ExecuteWithTimeout and KillThread
2026-05-14T01:03:00+08:00 | openclaw-main | session_start | sessionId=openclaw-20260514-0103
2026-05-14T01:03:00+08:00 | openclaw-main | tasks_override | replaced=task-001~006,created=task-101~110,reason=code-review-bugs
2026-05-14T01:30:00+08:00 | catpaw | session_start | sessionId=catpaw-20260514-0130 | tasks=task-101~110
2026-05-14T01:30:00+08:00 | catpaw | task_claim | task=task-101 | type=bugfix | fix=添加错误日志记录到 SpeedyPackAutoCompactor catch 块
2026-05-14T01:31:00+08:00 | catpaw | file_modified | src/SiliconLife.Fast/Storage/SpeedyPackAutoCompactor.cs
2026-05-14T01:31:00+08:00 | catpaw | task_complete | task=task-101
2026-05-14T01:32:00+08:00 | catpaw | task_claim | task=task-102 | type=bugfix | fix=实现 Workflow 超时异常处理流程
2026-05-14T01:32:00+08:00 | catpaw | file_modified | src/SiliconLife.Core/Workflow/WorkflowEngine.cs
2026-05-14T01:33:00+08:00 | catpaw | task_complete | task=task-102
2026-05-14T01:34:00+08:00 | catpaw | task_claim | task=task-103 | type=bugfix | fix=将乱码中文替换为 TrayLocalizationBase 国际化属性
2026-05-14T01:34:00+08:00 | catpaw | file_modified | src/SiliconLife.Fast/Tray/TrayLocalizationBase.cs
2026-05-14T01:34:00+08:00 | catpaw | file_modified | src/SiliconLife.Fast/Tray/TrayStatusWindow.cs
2026-05-14T01:35:00+08:00 | catpaw | file_modified | src/SiliconLife.Fast/Tray/TrayZhCN.cs
2026-05-14T01:35:00+08:00 | catpaw | file_modified | src/SiliconLife.Fast/Tray/TrayEnUS.cs
2026-05-14T01:35:00+08:00 | catpaw | file_modified | src/SiliconLife.Fast/Tray/TrayJaJP.cs
2026-05-14T01:35:00+08:00 | catpaw | file_modified | src/SiliconLife.Fast/Tray/TrayKoKR.cs
2026-05-14T01:35:00+08:00 | catpaw | file_modified | src/SiliconLife.Fast/Tray/TrayZhHK.cs
2026-05-14T01:35:00+08:00 | catpaw | task_complete | task=task-103
2026-05-14T01:36:00+08:00 | catpaw | session_end | commit_pending
2026-05-15T02:00:00+08:00 | openclaw-main | session_start | sessionId=openclaw-20260515-0200
2026-05-15T02:00:00+08:00 | openclaw-main | task_create | task=task-112 | type=docs | title=更新 Fast 版本文档：明确支持 Linux
2026-05-15T02:00:00+08:00 | openclaw-main | task_create | task=task-113 | type=bugfix | title=搜索选择组件缺少提示文字
2026-05-15T02:52:00+08:00 | openclaw-main | task_archive | count=11 | taskIds=task-101~111
2026-05-15T19:08:00+08:00 | openclaw-main | task_create | task=task-113 | type=bugfix | priority=P1
2026-05-15T19:10:00+08:00 | trae-glm5 | session_start | sessionId=trae-20260515-1910
2026-05-15T19:10:00+08:00 | trae-glm5 | task_claim | task=task-113
2026-05-15T21:00:00+08:00 | trae-glm5 | task_complete | task=task-113 | fix=SelectComponent hint support
2026-05-15T21:45:00+08:00 | trae-glm5 | task_complete | task=task-112 | docs=Fast Linux support documented
2026-05-15T21:45:00+08:00 | trae-glm5 | session_end | commit_pending
2026-05-16T00:07:00+08:00 | openclaw-main | task_create | task=task-114 | type=release | title=编写 alpha-0.2 发布说明
2026-05-16T00:07:00+08:00 | openclaw-main | task_create | task=task-115 | type=docs | title=所有文档版本号更新为 alpha-0.2
2026-05-16T13:50:00+08:00 | codebot-main | session_start | sessionId=codebot-20260516-1350
2026-05-16T13:50:00+08:00 | codebot-main | task_create | task=task-116 | type=feature | title=实现记忆淡忘机制
2026-05-16T13:50:00+08:00 | codebot-main | task_create | task=task-117 | type=feature | title=实现 terminate_chat 工具
2026-05-16T13:50:00+08:00 | codebot-main | task_cancel | task=task-118 | reason=H.cs 已实现 HtmlBuilder 功能
2026-05-16T13:50:00+08:00 | codebot-main | session_end | commit_pending
